<html>
<body>
<pre>
<h1>µVision Build Log</h1>
<h2>Tool Versions:</h2>
IDE-Version: µVision V5.24.2.0
Copyright (C) 2017 ARM Ltd and ARM Germany GmbH. All rights reserved.
License Information: a b, inc, LIC=D0D7S-LBINL-X7URZ-JUJX5-KDDA7-NZKR5
 
Tool Versions:
Toolchain:       MDK-ARM Plus  Version: 5.24.1
Toolchain Path:  C:\Keil_v5\ARM\ARMCC\Bin
C Compiler:      Armcc.exe V5.06 update 5 (build 528)
Assembler:       Armasm.exe V5.06 update 5 (build 528)
Linker/Locator:  ArmLink.exe V5.06 update 5 (build 528)
Library Manager: ArmAr.exe V5.06 update 5 (build 528)
Hex Converter:   FromElf.exe V5.06 update 5 (build 528)
CPU DLL:         SARMCM3.DLL V5.24.1
Dialog DLL:      DCM.DLL V1.16.0.0
Target DLL:      STLink\ST-LINKIII-KEIL_SWO.dll V3.0.1.0
Dialog DLL:      TCM.DLL V1.32.0.0
 
<h2>Project:</h2>
C:\matvey\elcus_project\test-encode-coalision\test-coalision\testCube\MDK-ARM\testCube.uvprojx
Project File Date:  04/23/2025

<h2>Output:</h2>
*** Using Compiler 'V5.06 update 5 (build 528)', folder: 'C:\Keil_v5\ARM\ARMCC\Bin'
Build target 'testCube'
compiling freertos.c...
../Core/Src/freertos.c(108): warning:  #188-D: enumerated type mixed with another type
  			return 0;
../Core/Src/freertos.c(110): warning:  #940-D: missing return statement at end of non-void function "change_state" 
  }
../Core/Src/freertos.c(127): warning:  #223-D: function "lcdSetCursorPosition" declared implicitly
      lcdSetCursorPosition(4, 0);
../Core/Src/freertos.c(134): warning:  #223-D: function "lcdPrintStr" declared implicitly
      lcdPrintStr(button, 12);
../Core/Src/freertos.c(137): warning:  #223-D: function "sprintf" declared implicitly
      sprintf(encod1, "%3d", i2cDataBuffCopy[2]);
../Core/Src/freertos.c(114): warning:  #177-D: variable "msg"  was declared but never referenced
      char msg[64];
../Core/Src/freertos.c(117): warning:  #177-D: variable "encod2"  was declared but never referenced
      char encod2[3];
../Core/Src/freertos.c(118): warning:  #177-D: variable "encodePush1"  was declared but never referenced
      char encodePush1;
../Core/Src/freertos.c(119): warning:  #177-D: variable "encodePush2"  was declared but never referenced
      char encodePush2;
../Core/Src/freertos.c(122): warning:  #177-D: variable "adress_char"  was declared but never referenced
      char adress_char[6];
../Core/Src/freertos.c(178): warning:  #550-D: variable "xLastWakeTime"  was set but never used
      TickType_t xLastWakeTime;
../Core/Src/freertos.c: 11 warnings, 0 errors
linking...
Program Size: Code=14312 RO-data=412 RW-data=156 ZI-data=9292  
FromELF: creating hex file...
"testCube\testCube.axf" - 0 Error(s), 11 Warning(s).

<h2>Software Packages used:</h2>

Package Vendor: ARM
                http://www.keil.com/pack/ARM.CMSIS.5.8.0.pack
                ARM.CMSIS.5.8.0
                CMSIS (Common Microcontroller Software Interface Standard)
   * Component: CORE Version: 5.5.0

Package Vendor: Keil
                http://www.keil.com/pack/Keil.STM32F1xx_DFP.2.3.0.pack
                Keil.STM32F1xx_DFP.2.3.0
                STMicroelectronics STM32F1 Series Device Support, Drivers and Examples

<h2>Collection of Component include folders:</h2>
  .\RTE\_testCube
  C:\Keil_v5\ARM\PACK\ARM\CMSIS\5.8.0\CMSIS\Core\Include
  C:\Keil_v5\ARM\PACK\Keil\STM32F1xx_DFP\2.3.0\Device\Include

<h2>Collection of Component Files used:</h2>

   * Component: ARM::CMSIS:CORE:5.5.0
      Include file:  CMSIS\Core\Include\tz_context.h
Build Time Elapsed:  00:00:02
</pre>
</body>
</html>
